y x : Nat
h : y = 0
âŠ¢ Add.add x y = x
y x : Nat
h : y = 0
âŠ¢ Add.add x y = x
