class_def_must_fail.lean:2:13-2:16: error: invalid 'class', declaration 'Foo' must be inductive datatype or structure
class_def_must_fail.lean:7:18-7:21: error: invalid 'class', declaration 'Bla' must be inductive datatype or structure
