doLetLoop.lean:4:0: error: unexpected end of input
