exitAfterParseError.lean:5:0: error: expected ':=', 'where' or '|'
