x._@.main._hyg.1
y._@.main._hyg.1
x._@.main._hyg.1
x._@.main._hyg.1.2
y._@.main._hyg.1.2
x._@.main._hyg.1.2
x._@.main._hyg.1.2.3
x._@.main.1.2.3.foo._hyg.4
x._@.main.1.2.3.foo._hyg.4.5
x._@.main.1.2.3.foo.4.5.bla.bla._hyg.6
x._@.main.1.2.3.foo.4.5.bla.bla._hyg.6.7
y._@.main.1.2.3.foo.4.5.bla.bla._hyg.6.7
z.w._@.main.1.2.3.foo.4.5.bla.bla._hyg.6.7
