["Testing module documentation. ", "Another module doc. "]
["Evaluation by reduction "]
["Reading/writing LSP messages from/to IO handles. "]
