20 + 1 : Nat
scopedTokens.lean:14:7-14:11: error: unknown identifier 'foo!'
foo! : Nat
20 + 1 : Nat
