x y : Nat
h : Nat.add x 1 = Nat.add y 1
âŠ¢ x = y
x y : Nat
h : Nat.add x 0 = Nat.add y 0
âŠ¢ x = y
