print stdout
print stderr
line 4

> stdout1.txt
line 1
my error
line 3

> stdout2.txt
line 2
