{"textDocument": {"uri": "file://completionEOF.lean"},
 "position": {"line": 8, "character": 9}}
{"items": [{"label": "And", "detail": "Type"}], "isIncomplete": true}
