{"textDocument": {"uri": "file://hoverException.lean"},
 "position": {"line": 1, "character": 14}}
null
